\documentclass{article}
\begin{document}
This is a simple \LaTeX{} test.
\end{document}
